// Jest Snapshot v1, https://goo.gl/fbAQLP

exports[`GenresList is rendered correctly 1`] = `
<div
  className="catalog__movies-list"
>
  <article
    className="small-movie-card catalog__movies-card"
    onMouseEnter={[Function]}
    onMouseLeave={[Function]}
  >
    <a
      href="/films/13"
      onClick={[Function]}
    >
      <div
        className="small-movie-card__image"
      >
        <img
          alt="Snatch"
          height="175"
          src="https://assets.htmlacademy.ru/intensives/javascript-3/film/poster/Snatch.jpg"
          width="280"
        />
      </div>
    </a>
    <h3
      className="small-movie-card__title"
    >
      <a
        className="small-movie-card__link"
        href="/films/13"
        onClick={[Function]}
      >
        Snatch
      </a>
    </h3>
  </article>
</div>
`;
